{
  "input": {
    "primary_stats": {
      "vitality": 1,
      "constitution": 1,
      "agility": 1,
      "intelligence": 21,
      "wisdom": 31,
      "charisma": 50,
      "luck": 50,
      "karma": 50,
      "endurance": 50,
      "strength": 50,
      "spiritual_energy": 50,
      "physical_energy": 50,
      "mental_energy": 50,
      "willpower": 50
    }
  },
  "output": {
    "derived_stats": {
      "accuracy": 1.01,
      "adaptation": 1.31,
      "armor_class": 10.5,
      "aura_radius": 1.5,
      "aura_strength": 1.5,
      "awe": 1.5,
      "block_chance": 0.005,
      "breakthrough_success": 1.5,
      "brutality": 0.5,
      "cast_speed": 1.21,
      "climb_speed": 1.255,
      "combat_effectiveness": 1.216,
      "crit_chance": 0.1,
      "crit_multi": 2,
      "cultivation_speed": 1.15,
      "deception": 1.355,
      "diplomacy": 1.355,
      "dodge_chance": 0.01,
      "empathy": 1.405,
      "energy_capacity": 150,
      "energy_drain": 0.5,
      "energy_efficiency": 1.21,
      "energy_efficiency_amp": 1.21,
      "evasion": 0.01,
      "experience": 1.31,
      "faction_reputation_gain": 1.5,
      "flight_speed": 1.5,
      "haste": 1.01,
      "hp_max": 15,
      "intimidation": 1.5,
      "jump_height": 1.255,
      "leadership": 1.5,
      "learning_rate": 1.21,
      "lethality": 0.255,
      "life_steal": 0,
      "mana_efficiency": 1.21,
      "memory": 1.21,
      "merchant_price_modifier": 1.5,
      "move_speed": 0.1,
      "mystic_resonance": 1.5,
      "parry_chance": 0.005,
      "penetration": 0.5,
      "performance": 1.5,
      "persuasion": 1.5,
      "presence": 1.5,
      "reality_bend": 1.5,
      "regen_hp": 0.01,
      "resource_decay": 0,
      "resource_gathering": 1.405,
      "resource_regen": 0.01,
      "skill_learning": 1.26,
      "skill_level": 1.21,
      "space_sense": 1.5,
      "speed": 0.1,
      "spell_power": 1.5,
      "stamina": 503,
      "stealth": 1.01,
      "swim_speed": 1.255,
      "teleport_range": 1.5,
      "time_sense": 1.5,
      "weapon_mastery": 1.255,
      "weight_capacity": 500
    }
  }
}